[2026-05-02T23:03:02.021Z] Starting dev server with command: pnpm run dev
[2026-05-02T23:03:02.722Z] 
[2026-05-02T23:03:02.723Z] > app-template@1.0.0 dev /home/ubuntu/qr-ultimate-utils
[2026-05-02T23:03:02.723Z] > concurrently -k "pnpm dev:server" "pnpm dev:metro"
[2026-05-02T23:03:02.723Z] 
[2026-05-02T23:03:03.614Z] [0]
[2026-05-02T23:03:03.615Z] [0] > app-template@1.0.0 dev:server /home/ubuntu/qr-ultimate-utils
[2026-05-02T23:03:03.615Z] [0] > cross-env NODE_ENV=development tsx watch server/_core/index.ts
[2026-05-02T23:03:03.616Z] [0]
[2026-05-02T23:03:03.720Z] [1]
[2026-05-02T23:03:03.721Z] [1] > app-template@1.0.0 dev:metro /home/ubuntu/qr-ultimate-utils
[2026-05-02T23:03:03.721Z] [1] > cross-env EXPO_USE_METRO_WORKSPACE_ROOT=1 npx expo start --web --port ${EXPO_PORT:-8081}
[2026-05-02T23:03:03.721Z] [1]
[2026-05-02T23:03:05.342Z] [1] Starting project at /home/ubuntu/qr-ultimate-utils
[2026-05-02T23:03:06.248Z] [1] EXPO_USE_METRO_WORKSPACE_ROOT is enabled by default, use EXPO_NO_METRO_WORKSPACE_ROOT instead to disable.
[2026-05-02T23:03:07.070Z] [1] EXPO_USE_METRO_WORKSPACE_ROOT is enabled by default, use EXPO_NO_METRO_WORKSPACE_ROOT instead to disable.
[2026-05-02T23:03:07.070Z] [1] EXPO_USE_METRO_WORKSPACE_ROOT is enabled by default, use EXPO_NO_METRO_WORKSPACE_ROOT instead to disable.
[2026-05-02T23:03:07.071Z] [1] EXPO_USE_METRO_WORKSPACE_ROOT is enabled by default, use EXPO_NO_METRO_WORKSPACE_ROOT instead to disable.
[2026-05-02T23:03:07.398Z] [1] React Compiler enabled
[2026-05-02T23:03:07.667Z] [0] [OAuth] Initialized with baseURL: https://api.manus.im
[2026-05-02T23:03:07.763Z] [1] Starting Metro Bundler
[2026-05-02T23:03:07.826Z] [1] EXPO_USE_METRO_WORKSPACE_ROOT is enabled by default, use EXPO_NO_METRO_WORKSPACE_ROOT instead to disable.
[2026-05-02T23:03:07.959Z] [0] [api] server listening on port 3000
[2026-05-02T23:03:15.272Z] [1] The following packages should be updated for best compatibility with the installed expo version:
[2026-05-02T23:03:15.273Z] [1]   expo@54.0.29 - expected version: ~54.0.34
[2026-05-02T23:03:15.273Z] [1]   expo-audio@1.1.0 - expected version: ~1.1.1
[2026-05-02T23:03:15.273Z] [1]   expo-constants@18.0.12 - expected version: ~18.0.13
[2026-05-02T23:03:15.274Z] [1]   expo-font@14.0.10 - expected version: ~14.0.11
[2026-05-02T23:03:15.274Z] [1]   expo-linking@8.0.10 - expected version: ~8.0.12
[2026-05-02T23:03:15.274Z] [1]   expo-notifications@0.32.15 - expected version: ~0.32.17
[2026-05-02T23:03:15.274Z] [1]   expo-router@6.0.19 - expected version: ~6.0.23
[2026-05-02T23:03:15.274Z] [1]   expo-splash-screen@31.0.12 - expected version: ~31.0.13
[2026-05-02T23:03:15.274Z] [1]   expo-video@3.0.15 - expected version: ~3.0.16
[2026-05-02T23:03:15.274Z] [1]   expo-web-browser@15.0.10 - expected version: ~15.0.11
[2026-05-02T23:03:15.274Z] [1] Your project may not work correctly until you install the expected versions of the packages.
[2026-05-02T23:03:15.286Z] [1] Waiting on http://localhost:8081
[2026-05-02T23:03:15.287Z] [1] Logs for your project will appear below.
[2026-05-04T12:45:14.830Z] [1] /home/ubuntu/qr-ultimate-utils/node_modules/@expo/cli/build/src/utils/errors.js:130
[2026-05-04T12:45:14.836Z] [1]     throw error;
[2026-05-04T12:45:14.836Z] [1]     ^
[2026-05-04T12:45:14.836Z] [1]
[2026-05-04T12:45:14.837Z] [1] Error: ENOENT: no such file or directory, watch '/home/ubuntu/qr-ultimate-utils/node_modules/expo-camera_tmp_6135/android/src/main/java/expo/modules/camera'
[2026-05-04T12:45:14.837Z] [1]     at FSWatcher.<computed> (node:internal/fs/watchers:247:19)
[2026-05-04T12:45:14.837Z] [1]     at Object.watch (node:fs:2550:36)
[2026-05-04T12:45:14.837Z] [1]     at FallbackWatcher._watchdir (/home/ubuntu/qr-ultimate-utils/node_modules/metro-file-map/src/watchers/FallbackWatcher.js:119:33)
[2026-05-04T12:45:14.837Z] [1]     at /home/ubuntu/qr-ultimate-utils/node_modules/metro-file-map/src/watchers/FallbackWatcher.js:219:22
[2026-05-04T12:45:14.837Z] [1]     at Walker.<anonymous> (/home/ubuntu/qr-ultimate-utils/node_modules/metro-file-map/src/watchers/FallbackWatcher.js:358:5)
[2026-05-04T12:45:14.838Z] [1]     at Walker.emit (node:events:524:28)
[2026-05-04T12:45:14.838Z] [1]     at /home/ubuntu/qr-ultimate-utils/node_modules/walker/lib/walker.js:69:16
[2026-05-04T12:45:14.842Z] [1]     at FSReqCallback.oncomplete (node:fs:188:23) {
[2026-05-04T12:45:14.842Z] [1]   errno: -2,
[2026-05-04T12:45:14.843Z] [1]   syscall: 'watch',
[2026-05-04T12:45:14.843Z] [1]   code: 'ENOENT',
[2026-05-04T12:45:14.843Z] [1]   path: '/home/ubuntu/qr-ultimate-utils/node_modules/expo-camera_tmp_6135/android/src/main/java/expo/modules/camera',
[2026-05-04T12:45:14.844Z] [1]   filename: '/home/ubuntu/qr-ultimate-utils/node_modules/expo-camera_tmp_6135/android/src/main/java/expo/modules/camera'
[2026-05-04T12:45:14.844Z] [1] }
[2026-05-04T12:45:14.844Z] [1]
[2026-05-04T12:45:14.845Z] [1] Node.js v22.13.0
[2026-05-04T12:45:14.932Z] [1]  ELIFECYCLE  Command failed with exit code 7.
[2026-05-04T12:45:14.973Z] [1] pnpm dev:metro exited with code 7
[2026-05-04T12:45:14.974Z] --> Sending SIGTERM to other processes..
[2026-05-04T12:45:15.023Z] [0]  ELIFECYCLE  Command failed.
[2026-05-04T12:45:15.053Z] [0] 8:45:15 AM [tsx] Previous process hasn't exited yet. Force killing...
[2026-05-04T12:45:15.086Z] [0] pnpm dev:server exited with code SIGTERM
[2026-05-04T12:45:15.087Z] ELIFECYCLE  Command failed with exit code 1.
[2026-05-04T12:45:15.087Z] Dev server exited with code 1
[2026-05-04T12:45:24.106Z] Starting dev server with command: pnpm run dev
[2026-05-04T12:45:24.908Z] 
[2026-05-04T12:45:24.909Z] > app-template@1.0.0 dev /home/ubuntu/qr-ultimate-utils
[2026-05-04T12:45:24.909Z] > concurrently -k "pnpm dev:server" "pnpm dev:metro"
[2026-05-04T12:45:24.909Z] 
[2026-05-04T12:45:25.746Z] [0]
[2026-05-04T12:45:25.747Z] [0] > app-template@1.0.0 dev:server /home/ubuntu/qr-ultimate-utils
[2026-05-04T12:45:25.747Z] [0] > cross-env NODE_ENV=development tsx watch server/_core/index.ts
[2026-05-04T12:45:25.748Z] [0]
[2026-05-04T12:45:25.752Z] [1]
[2026-05-04T12:45:25.753Z] [1] > app-template@1.0.0 dev:metro /home/ubuntu/qr-ultimate-utils
[2026-05-04T12:45:25.753Z] [1] > cross-env EXPO_USE_METRO_WORKSPACE_ROOT=1 npx expo start --web --port ${EXPO_PORT:-8081}
[2026-05-04T12:45:25.753Z] [1]
[2026-05-04T12:45:26.873Z] [1] Starting project at /home/ubuntu/qr-ultimate-utils
[2026-05-04T12:45:27.550Z] [1] EXPO_USE_METRO_WORKSPACE_ROOT is enabled by default, use EXPO_NO_METRO_WORKSPACE_ROOT instead to disable.
[2026-05-04T12:45:28.238Z] [1] EXPO_USE_METRO_WORKSPACE_ROOT is enabled by default, use EXPO_NO_METRO_WORKSPACE_ROOT instead to disable.
[2026-05-04T12:45:28.238Z] [1] EXPO_USE_METRO_WORKSPACE_ROOT is enabled by default, use EXPO_NO_METRO_WORKSPACE_ROOT instead to disable.
[2026-05-04T12:45:28.239Z] [1] EXPO_USE_METRO_WORKSPACE_ROOT is enabled by default, use EXPO_NO_METRO_WORKSPACE_ROOT instead to disable.
[2026-05-04T12:45:28.521Z] [1] React Compiler enabled
[2026-05-04T12:45:28.984Z] [0] [OAuth] Initialized with baseURL: https://api.manus.im
[2026-05-04T12:45:28.995Z] [1] Starting Metro Bundler
[2026-05-04T12:45:29.034Z] [1] EXPO_USE_METRO_WORKSPACE_ROOT is enabled by default, use EXPO_NO_METRO_WORKSPACE_ROOT instead to disable.
[2026-05-04T12:45:29.313Z] [0] [api] server listening on port 3000
[2026-05-04T12:45:36.201Z] [1] The following packages should be updated for best compatibility with the installed expo version:
[2026-05-04T12:45:36.202Z] [1]   expo@54.0.29 - expected version: ~54.0.34
[2026-05-04T12:45:36.202Z] [1]   expo-audio@1.1.0 - expected version: ~1.1.1
[2026-05-04T12:45:36.202Z] [1]   expo-camera@55.0.16 - expected version: ~17.0.10
[2026-05-04T12:45:36.203Z] [1]   expo-clipboard@55.0.13 - expected version: ~8.0.8
[2026-05-04T12:45:36.203Z] [1]   expo-constants@18.0.12 - expected version: ~18.0.13
[2026-05-04T12:45:36.203Z] [1]   expo-font@14.0.10 - expected version: ~14.0.11
[2026-05-04T12:45:36.203Z] [1]   expo-linking@8.0.10 - expected version: ~8.0.12
[2026-05-04T12:45:36.204Z] [1]   expo-notifications@0.32.15 - expected version: ~0.32.17
[2026-05-04T12:45:36.204Z] [1]   expo-router@6.0.19 - expected version: ~6.0.23
[2026-05-04T12:45:36.204Z] [1]   expo-sharing@55.0.18 - expected version: ~14.0.8
[2026-05-04T12:45:36.204Z] [1]   expo-splash-screen@31.0.12 - expected version: ~31.0.13
[2026-05-04T12:45:36.205Z] [1]   expo-video@3.0.15 - expected version: ~3.0.16
[2026-05-04T12:45:36.205Z] [1]   expo-web-browser@15.0.10 - expected version: ~15.0.11
[2026-05-04T12:45:36.205Z] [1] Your project may not work correctly until you install the expected versions of the packages.
[2026-05-04T12:45:36.212Z] [1] Waiting on http://localhost:8081
[2026-05-04T12:45:36.213Z] [1] Logs for your project will appear below.
[2026-05-04T12:47:57.891Z] [1] EXPO_USE_METRO_WORKSPACE_ROOT is enabled by default, use EXPO_NO_METRO_WORKSPACE_ROOT instead to disable.
[2026-05-04T12:47:57.895Z] [1] EXPO_USE_METRO_WORKSPACE_ROOT is enabled by default, use EXPO_NO_METRO_WORKSPACE_ROOT instead to disable.
[2026-05-04T12:47:57.909Z] [1] Web node_modules/expo-router/entry.js ░░░░░░░░░░░░░░░░  0.0% (0/1)
[2026-05-04T12:48:01.409Z] [1] Web node_modules/expo-router/entry.js ▓▓▓▓▓▓▓░░░░░░░░░ 49.0% ( 7/10)
[2026-05-04T12:48:01.409Z] [1] λ node_modules/expo-router/node/render.js ▓▓▓▓▓▓░░░░░░░░░░ 41.4% (325/505)
[2026-05-04T12:48:04.979Z] [1] Web node_modules/expo-router/entry.js ▓▓▓▓▓▓▓░░░░░░░░░ 49.0% (270/453)
[2026-05-04T12:48:04.979Z] [1] λ node_modules/expo-router/node/render.js ▓▓▓▓▓▓▓▓░░░░░░░░ 54.9% (663/907)
[2026-05-04T12:48:08.493Z] [1] Web node_modules/expo-router/entry.js ▓▓▓▓▓▓▓░░░░░░░░░ 49.0% (619/928)
[2026-05-04T12:48:08.493Z] [1] λ node_modules/expo-router/node/render.js ▓▓▓▓▓▓▓▓▓▓▓▓░░░░ 79.6% (1067/1196)
[2026-05-04T12:48:12.026Z] [1] Web node_modules/expo-router/entry.js ▓▓▓▓▓▓▓▓▓▓▓▓▓▓░░ 92.3% (1288/1341)
[2026-05-04T12:48:12.027Z] [1] λ node_modules/expo-router/node/render.js ▓▓▓▓▓▓▓▓▓▓▓▓▓▓▓░ 94.6% (1392/1431)
[2026-05-04T12:48:12.462Z] [1] λ Bundled 14552ms node_modules/expo-router/node/render.js (1434 modules)
[2026-05-04T12:48:14.047Z] [1] λ  WARN  Route "./screens/creator.tsx" is missing the required default export. Ensure a React component is exported as default.
[2026-05-04T12:48:14.048Z] [1] λ  WARN  Route "./screens/editor.tsx" is missing the required default export. Ensure a React component is exported as default.
[2026-05-04T12:48:14.048Z] [1] λ  WARN  Route "./screens/history.tsx" is missing the required default export. Ensure a React component is exported as default.
[2026-05-04T12:48:14.049Z] [1] λ  WARN  Route "./screens/settings.tsx" is missing the required default export. Ensure a React component is exported as default.
[2026-05-04T12:48:14.078Z] [1] λ  LOG  { colorScheme: 'light', setColorScheme: [Function (anonymous)] } {
[2026-05-04T12:48:14.079Z] [1]   '--color-primary': '#7c3aed',
[2026-05-04T12:48:14.079Z] [1]   '--color-background': '#ffffff',
[2026-05-04T12:48:14.079Z] [1]   '--color-surface': '#f5f5f5',
[2026-05-04T12:48:14.079Z] [1]   '--color-foreground': '#11181C',
[2026-05-04T12:48:14.080Z] [1]   '--color-muted': '#687076',
[2026-05-04T12:48:14.080Z] [1]   '--color-border': '#E5E7EB',
[2026-05-04T12:48:14.080Z] [1]   '--color-success': '#22C55E',
[2026-05-04T12:48:14.080Z] [1]   '--color-warning': '#F59E0B',
[2026-05-04T12:48:14.081Z] [1]   '--color-error': '#EF4444'
[2026-05-04T12:48:14.081Z] [1] }
[2026-05-04T12:48:14.104Z] [1] λ  WARN  props.pointerEvents is deprecated. Use style.pointerEvents
[2026-05-04T12:48:14.128Z] [1] Web node_modules/expo-router/entry.js ▓▓▓▓▓▓▓▓▓▓▓▓▓▓▓░ 99.7% (1455/1457)
[2026-05-04T12:48:14.251Z] [1] Web Bundled 16343ms node_modules/expo-router/entry.js (1464 modules)
[2026-05-04T12:48:17.628Z] [1] Web node_modules/expo-router/entry.js ▓▓▓▓▓▓▓░░░░░░░░░ 47.3% (612/916)
[2026-05-04T12:48:21.128Z] [1] Web node_modules/expo-router/entry.js ▓▓▓▓▓▓▓▓▓▓▓▓▓▓▓░ 97.4% (1415/1434)
[2026-05-04T12:48:21.331Z] [1] Web Bundled 7020ms node_modules/expo-router/entry.js (1459 modules)
[2026-05-04T12:48:21.820Z] [1]  LOG  [web] Logs will appear in the browser console
[2026-05-04T12:49:06.296Z] [1] EXPO_USE_METRO_WORKSPACE_ROOT is enabled by default, use EXPO_NO_METRO_WORKSPACE_ROOT instead to disable.
[2026-05-04T12:49:06.299Z] [1] EXPO_USE_METRO_WORKSPACE_ROOT is enabled by default, use EXPO_NO_METRO_WORKSPACE_ROOT instead to disable.
[2026-05-04T12:49:06.301Z] [1] Web node_modules/expo-router/entry.js ░░░░░░░░░░░░░░░░  0.0% (0/1)
[2026-05-04T12:49:06.358Z] [1] λ Bundled 56ms node_modules/expo-router/node/render.js (1 module)
[2026-05-04T12:49:06.801Z] [1] λ  WARN  Route "./screens/creator.tsx" is missing the required default export. Ensure a React component is exported as default.
[2026-05-04T12:49:06.801Z] [1] λ  WARN  Route "./screens/editor.tsx" is missing the required default export. Ensure a React component is exported as default.
[2026-05-04T12:49:06.801Z] [1] λ  WARN  Route "./screens/history.tsx" is missing the required default export. Ensure a React component is exported as default.
[2026-05-04T12:49:06.802Z] [1] λ  WARN  Route "./screens/settings.tsx" is missing the required default export. Ensure a React component is exported as default.
[2026-05-04T12:49:06.845Z] [1] λ  WARN  props.pointerEvents is deprecated. Use style.pointerEvents
[2026-05-04T12:49:06.918Z] [1] Web Bundled 616ms node_modules/expo-router/entry.js (1 module)
[2026-05-04T12:49:07.089Z] [1] Web Bundled 125ms node_modules/expo-router/entry.js (1 module)
[2026-05-04T12:49:07.523Z] [1]  LOG  [web] Logs will appear in the browser console
[2026-05-04T12:49:35.317Z] [1] /home/ubuntu/qr-ultimate-utils/node_modules/@expo/cli/build/src/utils/errors.js:130
[2026-05-04T12:49:35.318Z] [1]     throw error;
[2026-05-04T12:49:35.319Z] [1]     ^
[2026-05-04T12:49:35.319Z] [1]
[2026-05-04T12:49:35.319Z] [1] Error: ENOENT: no such file or directory, watch '/home/ubuntu/qr-ultimate-utils/node_modules/expo_tmp_6998'
[2026-05-04T12:49:35.320Z] [1]     at FSWatcher.<computed> (node:internal/fs/watchers:247:19)
[2026-05-04T12:49:35.320Z] [1]     at Object.watch (node:fs:2550:36)
[2026-05-04T12:49:35.320Z] [1]     at FallbackWatcher._watchdir (/home/ubuntu/qr-ultimate-utils/node_modules/metro-file-map/src/watchers/FallbackWatcher.js:119:33)
[2026-05-04T12:49:35.321Z] [1]     at /home/ubuntu/qr-ultimate-utils/node_modules/metro-file-map/src/watchers/FallbackWatcher.js:219:22
[2026-05-04T12:49:35.321Z] [1]     at Walker.<anonymous> (/home/ubuntu/qr-ultimate-utils/node_modules/metro-file-map/src/watchers/FallbackWatcher.js:358:5)
[2026-05-04T12:49:35.322Z] [1]     at Walker.emit (node:events:524:28)
[2026-05-04T12:49:35.322Z] [1]     at /home/ubuntu/qr-ultimate-utils/node_modules/walker/lib/walker.js:69:16
[2026-05-04T12:49:35.324Z] [1]     at FSReqCallback.oncomplete (node:fs:188:23)
[2026-05-04T12:49:35.324Z] [1]     at FSReqCallback.callbackTrampoline (node:internal/async_hooks:130:17) {
[2026-05-04T12:49:35.324Z] [1]   errno: -2,
[2026-05-04T12:49:35.324Z] [1]   syscall: 'watch',
[2026-05-04T12:49:35.325Z] [1]   code: 'ENOENT',
[2026-05-04T12:49:35.326Z] [1]   path: '/home/ubuntu/qr-ultimate-utils/node_modules/expo_tmp_6998',
[2026-05-04T12:49:35.326Z] [1]   filename: '/home/ubuntu/qr-ultimate-utils/node_modules/expo_tmp_6998'
[2026-05-04T12:49:35.327Z] [1] }
[2026-05-04T12:49:35.327Z] [1]
[2026-05-04T12:49:35.327Z] [1] Node.js v22.13.0
[2026-05-04T12:49:35.411Z] [1] npm notice
[2026-05-04T12:49:35.411Z] [1] npm notice New major version of npm available! 10.9.2 -> 11.13.0
[2026-05-04T12:49:35.412Z] [1] npm notice Changelog: https://github.com/npm/cli/releases/tag/v11.13.0
[2026-05-04T12:49:35.412Z] [1] npm notice To update run: npm install -g npm@11.13.0
[2026-05-04T12:49:35.412Z] [1] npm notice
[2026-05-04T12:49:35.422Z] [1]  ELIFECYCLE  Command failed with exit code 7.
[2026-05-04T12:49:35.450Z] [1] pnpm dev:metro exited with code 7
[2026-05-04T12:49:35.452Z] --> Sending SIGTERM to other processes..
[2026-05-04T12:49:35.504Z] [0]  ELIFECYCLE  Command failed.
[2026-05-04T12:49:35.567Z] [0] 8:49:35 AM [tsx] Previous process hasn't exited yet. Force killing...
[2026-05-04T12:49:35.602Z] [0] pnpm dev:server exited with code SIGTERM
[2026-05-04T12:49:35.603Z] ELIFECYCLE  Command failed with exit code 1.
[2026-05-04T12:49:35.622Z] Dev server exited with code 1
